⚠ Warning: Next.js inferred your workspace root, but it may not be correct.
 We detected multiple lockfiles and selected the directory of C:\Users\CLIENTE\Desktop\package-lock.json as the root directory.
 To silence this warning, set `turbopack.root` in your Next.js config, or consider removing one of the lockfiles if it's not needed.
   See https://nextjs.org/docs/app/api-reference/config/next-config-js/turbopack#root-directory for more information.
 Detected additional lockfiles: 
   * C:\Users\CLIENTE\Desktop\NodeZero\intelligence-course\package-lock.json

▲ Next.js 16.1.6 (Turbopack)
- Environments: .env.local, .env

⚠ The "middleware" file convention is deprecated. Please use "proxy" instead. Learn more: https://nextjs.org/docs/messages/middleware-to-proxy
  Creating an optimized production build ...
Turbopack build encountered 1 warnings:
./NodeZero/intelligence-course/src/lib/export/exportService.ts:172:28
Module not found: Can't resolve 'xlsx'
  170 |         // Dynamic import to avoid SSR issues - xlsx is an optional dependency
  171 |         // @ts-ignore - xlsx may not be installed
> 172 |         const XLSX = await import('xlsx').catch(() => null);
      |                            ^^^^^^^^^^^^^^
  173 |
  174 |         if (!XLSX) {
  175 |             // Fallback to CSV if xlsx is not available



Import traces:
  Client Component Browser:
    ./NodeZero/intelligence-course/src/lib/export/exportService.ts [Client Component Browser]
    ./NodeZero/intelligence-course/src/app/accountant/page.tsx [Client Component Browser]
    ./NodeZero/intelligence-course/src/app/accountant/page.tsx [Server Component]

  Client Component SSR:
    ./NodeZero/intelligence-course/src/lib/export/exportService.ts [Client Component SSR]
    ./NodeZero/intelligence-course/src/app/accountant/page.tsx [Client Component SSR]
    ./NodeZero/intelligence-course/src/app/accountant/page.tsx [Server Component]

https://nextjs.org/docs/messages/module-not-found


✓ Compiled successfully in 28.1s
  Running TypeScript ...
  Collecting page data using 15 workers ...
  Generating static pages using 15 workers (0/390) ...
  Generating static pages using 15 workers (97/390) 
  Generating static pages using 15 workers (194/390) 
  Generating static pages using 15 workers (292/390) 
✓ Generating static pages using 15 workers (390/390) in 1950.9ms
  Finalizing page optimization ...

Route (app)
┌ ○ /
├ ○ /_not-found
├ ƒ /[orgSlug]
├ ƒ /[orgSlug]/admin/setup
├ ƒ /[orgSlug]/admin/setup/blueprint
├ ƒ /[orgSlug]/admin/setup/financial
├ ƒ /[orgSlug]/admin/setup/products
├ ƒ /[orgSlug]/admin/setup/rules
├ ƒ /[orgSlug]/admin/setup/team
├ ƒ /[orgSlug]/onboarding
├ ○ /accountant
├ ○ /admin
├ ○ /admin/agenda
├ ○ /admin/agenda/calendario
├ ○ /admin/agenda/direcao
├ ○ /admin/agenda/letivo
├ ○ /admin/agenda/lideres
├ ○ /admin/agenda/pessoal
├ ○ /admin/agenda/recursos
├ ○ /admin/agenda/salas
├ ○ /admin/agenda/time
├ ○ /admin/agenda/total
├ ○ /admin/ai
├ ○ /admin/ai/analises
├ ○ /admin/ai/automacoes
├ ○ /admin/ai/chat
├ ○ /admin/ai/geradores
├ ○ /admin/ai/insights
├ ○ /admin/ai/uso
├ ○ /admin/comercial
├ ○ /admin/comercial/clientes
├ ○ /admin/comercial/desempenho
├ ○ /admin/comercial/followups
├ ○ /admin/comercial/metas
├ ○ /admin/comercial/negociacoes
├ ○ /admin/comercial/oportunidades
├ ○ /admin/comercial/pipeline
├ ○ /admin/comercial/propostas
├ ○ /admin/comunicacao
├ ○ /admin/comunicacao/automacoes
├ ○ /admin/comunicacao/avisos
├ ○ /admin/comunicacao/comunicador
├ ○ /admin/comunicacao/enviados
├ ○ /admin/comunicacao/inbox
├ ○ /admin/comunicacao/rascunhos
├ ○ /admin/comunicacao/templates
├ ○ /admin/comunicacao/whatsapp
├ ○ /admin/comunicacoes
├ ○ /admin/comunicacoes/mensagens
├ ○ /admin/configuracoes
├ ○ /admin/configuracoes/api-keys
├ ○ /admin/configuracoes/auditoria
├ ○ /admin/configuracoes/backup
├ ○ /admin/configuracoes/branding
├ ○ /admin/configuracoes/cargos
├ ○ /admin/configuracoes/escola
├ ○ /admin/configuracoes/integracoes
├ ○ /admin/configuracoes/notificacoes
├ ○ /admin/configuracoes/permissoes
├ ○ /admin/configuracoes/roles
├ ○ /admin/configuracoes/seguranca
├ ○ /admin/configuracoes/usuarios
├ ○ /admin/configuracoes/webhooks
├ ○ /admin/conhecimento
├ ○ /admin/conhecimento/arquivos
├ ○ /admin/conhecimento/faq
├ ○ /admin/conhecimento/politicas
├ ○ /admin/conhecimento/procedimentos
├ ○ /admin/conhecimento/templates
├ ○ /admin/conhecimento/treinamentos
├ ○ /admin/conhecimento/wiki
├ ○ /admin/contabil
├ ○ /admin/contabil/balancete
├ ○ /admin/contabil/balanco
├ ○ /admin/contabil/centros-custo
├ ○ /admin/contabil/contador
├ ○ /admin/contabil/documentos
├ ○ /admin/contabil/dre
├ ○ /admin/contabil/fechamento
├ ○ /admin/contabil/lancamentos
├ ○ /admin/contabil/nfse
├ ○ /admin/contabil/plano-contas
├ ○ /admin/contabil/sped
├ ○ /admin/financeiro
├ ○ /admin/financeiro/conciliacao
├ ○ /admin/financeiro/contas
├ ○ /admin/financeiro/contas-pagar
├ ○ /admin/financeiro/despesas
├ ○ /admin/financeiro/faturamento
├ ○ /admin/financeiro/fluxo-caixa
├ ○ /admin/financeiro/inadimplencia
├ ○ /admin/financeiro/pagamentos
├ ○ /admin/financeiro/recebiveis
├ ○ /admin/kaizen
├ ○ /admin/kaizen/feedback
├ ○ /admin/kaizen/historico
├ ○ /admin/kaizen/melhorias
├ ○ /admin/kaizen/nps
├ ○ /admin/kaizen/pesquisas
├ ○ /admin/kaizen/quadro
├ ○ /admin/kaizen/retrospectivas
├ ○ /admin/kaizen/sugestoes
├ ○ /admin/marketing
├ ○ /admin/marketing/analytics
├ ○ /admin/marketing/anuncios
├ ○ /admin/marketing/campanhas
├ ○ /admin/marketing/conteudo
├ ○ /admin/marketing/eventos
├ ○ /admin/marketing/indicacoes
├ ○ /admin/marketing/landing-pages
├ ○ /admin/marketing/leads
├ ○ /admin/marketing/origens
├ ○ /admin/operacional
├ ○ /admin/operacional/alunos
├ ○ /admin/operacional/cancelamentos
├ ○ /admin/operacional/checkin
├ ○ /admin/operacional/contratos
├ ○ /admin/operacional/matriculas
├ ○ /admin/operacional/matriculas/nova
├ ○ /admin/operacional/renovacoes
├ ○ /admin/operacional/responsaveis
├ ○ /admin/operacional/transferencias
├ ○ /admin/pedagogico
├ ○ /admin/pedagogico/aulas
├ ○ /admin/pedagogico/avaliacoes
├ ○ /admin/pedagogico/certificados
├ ○ /admin/pedagogico/cursos
├ ○ /admin/pedagogico/grade
├ ○ /admin/pedagogico/materiais
├ ○ /admin/pedagogico/notas
├ ○ /admin/pedagogico/presenca
├ ○ /admin/pedagogico/turmas
├ ○ /admin/relatorios
├ ○ /admin/relatorios/agendados
├ ○ /admin/relatorios/comercial
├ ○ /admin/relatorios/dashboards
├ ○ /admin/relatorios/exportar
├ ○ /admin/relatorios/financeiro
├ ○ /admin/relatorios/kpis
├ ○ /admin/relatorios/pedagogico
├ ○ /admin/relatorios/personalizado
├ ○ /admin/relatorios/relatorios
├ ○ /admin/relatorios/rh
├ ○ /admin/rh
├ ○ /admin/rh/colaboradores
├ ○ /admin/rh/comissoes
├ ○ /admin/rh/contratos
├ ○ /admin/rh/ferias
├ ○ /admin/rh/folha
├ ○ /admin/rh/metas
├ ○ /admin/rh/organograma
├ ○ /admin/rh/ponto
├ ○ /admin/rh/treinamentos
├ ○ /admin/rh/vagas
├ ○ /admin/suporte
├ ○ /admin/suporte/tickets
├ ƒ /api/action-items
├ ƒ /api/action-items/[id]
├ ƒ /api/action-items/types
├ ƒ /api/actions
├ ƒ /api/alerts
├ ƒ /api/alerts/[id]
├ ƒ /api/alerts/[id]/acknowledge
├ ƒ /api/alerts/[id]/escalate
├ ƒ /api/alerts/[id]/resolve
├ ƒ /api/annotations
├ ƒ /api/annotations/[id]
├ ƒ /api/api-keys
├ ƒ /api/attendance
├ ƒ /api/auditor/alerts
├ ƒ /api/auditor/analyze
├ ƒ /api/auditor/engagement/[studentId]
├ ƒ /api/auditor/verify-integrity/[studentId]
├ ƒ /api/auditor/wellbeing/[studentId]
├ ƒ /api/campaigns
├ ƒ /api/campaigns/[id]
├ ƒ /api/capstones
├ ƒ /api/capstones/[id]
├ ƒ /api/careers
├ ƒ /api/careers/[id]
├ ƒ /api/careers/[id]/apply
├ ƒ /api/careers/talent-pool
├ ƒ /api/challenges
├ ƒ /api/challenges/[id]
├ ƒ /api/chart-of-accounts
├ ƒ /api/chart-of-accounts/[id]
├ ƒ /api/chat/context/[studentId]
├ ƒ /api/chat/message
├ ƒ /api/chat/sessions
├ ƒ /api/chat/sessions/[id]/messages
├ ƒ /api/chat/stream
├ ƒ /api/classes
├ ƒ /api/classes/[id]
├ ƒ /api/communicator/contacts
├ ƒ /api/communicator/conversations
├ ƒ /api/communicator/conversations/[id]/messages
├ ƒ /api/communicator/meetings/[meetingId]/transcripts
├ ƒ /api/communicator/summaries
├ ƒ /api/cost-centers
├ ƒ /api/cost-centers/[id]
├ ƒ /api/courses
├ ƒ /api/courses/[id]
├ ƒ /api/crm/[id]
├ ƒ /api/crm/[id]/undo
├ ƒ /api/crm/funnel
├ ƒ /api/delegation
├ ƒ /api/discounts
├ ƒ /api/discounts/[id]
├ ƒ /api/domains/institutional/[studentId]
├ ƒ /api/domains/relational/[studentId]
├ ƒ /api/domains/supervision/[studentId]
├ ƒ /api/drafts/[type]/[id]
├ ƒ /api/enrollment-flow/calculate
├ ƒ /api/enrollment-flow/classes
├ ƒ /api/enrollment-flow/complete
├ ƒ /api/enrollment-flow/courses
├ ƒ /api/enrollment-flow/persons
├ ƒ /api/enrollment-flow/seed-template
├ ƒ /api/enrollments
├ ƒ /api/enrollments/[id]
├ ƒ /api/enrollments/[id]/drop
├ ƒ /api/enrollments/[id]/transfer
├ ƒ /api/export
├ ƒ /api/family-links
├ ƒ /api/family-links/[id]
├ ƒ /api/fiscal-documents
├ ƒ /api/fiscal-documents/[id]
├ ƒ /api/graveyard
├ ƒ /api/graveyard/[id]
├ ƒ /api/integrity/hash/[studentId]
├ ƒ /api/integrity/log/[studentId]
├ ƒ /api/integrity/report
├ ƒ /api/integrity/verify
├ ƒ /api/invoices
├ ƒ /api/invoices/[id]
├ ƒ /api/invoices/[id]/pay
├ ƒ /api/journal-entries
├ ƒ /api/journal-entries/[id]
├ ƒ /api/kaizen/suggestions
├ ƒ /api/kaizen/suggestions/[id]
├ ƒ /api/knowledge-edges
├ ƒ /api/knowledge-edges/[id]
├ ƒ /api/knowledge-nodes
├ ƒ /api/knowledge-nodes/[id]
├ ƒ /api/lattice/evidence
├ ƒ /api/lattice/evidence/[id]
├ ƒ /api/lattice/jobs
├ ƒ /api/lattice/jobs/[id]
├ ƒ /api/lattice/projections
├ ƒ /api/lattice/projections/[id]
├ ƒ /api/leads
├ ƒ /api/leads/[id]
├ ƒ /api/leads/[id]/convert
├ ƒ /api/leads/[id]/interact
├ ƒ /api/lessons
├ ƒ /api/lessons/[id]
├ ƒ /api/levels
├ ƒ /api/marketing/tracking
├ ƒ /api/meetings
├ ƒ /api/meetings/[id]
├ ƒ /api/members/[id]
├ ƒ /api/memory/compress/[studentId]
├ ƒ /api/memory/compress/stats/[studentId]
├ ƒ /api/memory/contradictions
├ ƒ /api/memory/contradictions/[id]/resolve
├ ƒ /api/memory/edges
├ ƒ /api/memory/graph
├ ƒ /api/memory/ledger
├ ƒ /api/memory/ledger/[id]
├ ƒ /api/memory/ledger/trigger
├ ƒ /api/memory/nodes
├ ƒ /api/memory/nodes/[id]
├ ƒ /api/memory/overlay/[studentId]
├ ƒ /api/memory/snr
├ ƒ /api/modules
├ ƒ /api/modules/[id]
├ ƒ /api/notes
├ ƒ /api/notifications
├ ƒ /api/onboarding
├ ƒ /api/onboarding/complete
├ ƒ /api/onboarding/register
├ ƒ /api/onboarding/verify-email
├ ƒ /api/owner/talent-pool
├ ƒ /api/parent/child/[childId]/alerts
├ ƒ /api/parent/child/[childId]/engagement
├ ƒ /api/parent/child/[childId]/progress
├ ƒ /api/parent/child/[childId]/recommendations
├ ƒ /api/parent/child/[childId]/wellbeing
├ ƒ /api/payables
├ ƒ /api/payables/[id]
├ ƒ /api/payment-methods
├ ƒ /api/payment-methods/[id]
├ ƒ /api/payouts
├ ƒ /api/payouts/[id]
├ ƒ /api/payouts/[id]/approve
├ ƒ /api/payroll-payments
├ ƒ /api/payroll-payments/[id]
├ ƒ /api/permission-expiry
├ ƒ /api/permission-groups
├ ƒ /api/permissions
├ ƒ /api/permissions/check
├ ƒ /api/placements
├ ƒ /api/placements/[id]
├ ƒ /api/platform/genesis/process
├ ƒ /api/platform/mcp/genesis
├ ƒ /api/position-permissions
├ ƒ /api/positions
├ ƒ /api/procedures
├ ƒ /api/procedures/[id]/execute
├ ƒ /api/procedures/[id]/steps
├ ƒ /api/procedures/executions/[executionId]
├ ƒ /api/procedures/seed-pipelines
├ ƒ /api/products
├ ƒ /api/products/[id]
├ ƒ /api/profile
├ ƒ /api/profile/address
├ ƒ /api/profile/password
├ ƒ /api/profile/payment-history
├ ƒ /api/profile/payment-methods
├ ƒ /api/profile/preferences
├ ƒ /api/profile/sessions
├ ƒ /api/profile/sessions/[id]
├ ƒ /api/progress
├ ƒ /api/prompts
├ ƒ /api/prompts/[id]
├ ƒ /api/prompts/[id]/run
├ ƒ /api/qr/generate
├ ƒ /api/qr/scan/[code]
├ ƒ /api/referrals
├ ƒ /api/referrals/[id]
├ ƒ /api/reports/financial
├ ƒ /api/reviews
├ ƒ /api/reviews/[id]
├ ƒ /api/rights/access/[studentId]
├ ƒ /api/rights/export/[studentId]
├ ƒ /api/rights/forget
├ ƒ /api/rights/negotiate
├ ƒ /api/rights/portability
├ ƒ /api/rights/rectify
├ ƒ /api/roles
├ ƒ /api/rooms
├ ƒ /api/rooms/[id]
├ ƒ /api/runs
├ ƒ /api/schedules
├ ƒ /api/schedules/[id]
├ ƒ /api/scrm/crm-insights
├ ƒ /api/scrm/insights/[leadId]
├ ƒ /api/scrm/leads
├ ƒ /api/scrm/leads/[id]
├ ƒ /api/scrm/persona/generate
├ ƒ /api/scrm/sentiment/analyze
├ ƒ /api/sessions
├ ƒ /api/sessions/[id]
├ ƒ /api/staff-contracts
├ ƒ /api/staff-contracts/[id]
├ ƒ /api/staff-leave
├ ƒ /api/staff-leave/[id]
├ ƒ /api/staff-payroll
├ ƒ /api/staff-payroll/[id]
├ ƒ /api/student-prompts
├ ƒ /api/student-prompts/[id]
├ ƒ /api/talent/documents
├ ƒ /api/talent/gap-interview
├ ƒ /api/talent/profile
├ ƒ /api/teacher-contracts
├ ƒ /api/teacher-contracts/[id]
├ ƒ /api/teams
├ ƒ /api/teams/[id]
├ ƒ /api/teams/[id]/anunciacao
├ ƒ /api/teams/[id]/anunciacao/generate-ai
├ ƒ /api/teams/[id]/anunciacao/history
├ ƒ /api/teams/[id]/anunciacao/publish
├ ƒ /api/teams/my-memberships
├ ƒ /api/techniques
├ ƒ /api/techniques/[id]
├ ƒ /api/templates
├ ƒ /api/templates/[id]
├ ƒ /api/terms
├ ƒ /api/terms/[id]
├ ƒ /api/todos
├ ƒ /api/todos/[id]
├ ƒ /api/transactions
├ ƒ /api/transactions/[id]
├ ƒ /api/trials
├ ƒ /api/trials/[id]
├ ƒ /api/user-overrides
├ ƒ /api/user/organizations
├ ƒ /api/users
├ ƒ /api/users/[id]
├ ƒ /api/waitlist
├ ƒ /api/waitlist/[id]
├ ƒ /api/webhooks/asaas
├ ƒ /api/webhooks/esign
├ ƒ /api/webhooks/mercadopago
├ ƒ /api/webhooks/pagarme
├ ƒ /api/webhooks/pagseguro
├ ƒ /api/webhooks/stripe
├ ƒ /api/wiki/articles
├ ƒ /api/wiki/articles/[slug]
├ ƒ /api/wiki/categories
├ ƒ /api/workshops
├ ƒ /api/workshops/[id]
├ ○ /careers
├ ƒ /careers/[id]
├ ○ /careers/talent-pool
├ ƒ /courses/[courseId]
├ ○ /dashboard
├ ○ /financial
├ ƒ /form/[slug]
├ ○ /go
├ ○ /graveyard
├ ○ /inbox
├ ƒ /inbox/[threadId]
├ ○ /journal
├ ○ /kaizen
├ ƒ /kaizen/[id]
├ ○ /kaizen/new
├ ○ /lattice/demo
├ ƒ /m/[moduleId]
├ ƒ /m/[moduleId]/l/[lessonId]
├ ○ /marketing/campaigns
├ ○ /marketing/lead-form
├ ○ /marketing/referrals
├ ○ /marketing/templates
├ ○ /onboarding
├ ○ /owner
├ ○ /owner/accounting
├ ○ /owner/analytics
├ ○ /owner/business-settings
├ ○ /owner/calendar
├ ○ /owner/cashflow
├ ○ /owner/crm
├ ○ /owner/employees
├ ○ /owner/hiring
├ ○ /owner/industry-knowledge
├ ○ /owner/payables
├ ○ /owner/payroll
├ ○ /owner/permissions
├ ○ /owner/projections
├ ○ /owner/reports
├ ○ /owner/revenue
├ ○ /owner/scheduling
├ ○ /owner/staff
├ ○ /owner/talent-pool
├ ○ /owner/unit-economics
├ ○ /parent
├ ○ /parent/billing
├ ƒ /parent/child/[childId]
├ ○ /platform/leads
├ ○ /platform/onboarding
├ ○ /playground
├ ○ /profile
├ ○ /prompts
├ ○ /school
├ ○ /school/classes
├ ○ /school/courses
├ ƒ /school/courses/[courseId]
├ ○ /school/discounts
├ ○ /school/enrollments
├ ○ /school/lessons
├ ○ /school/levels
├ ○ /school/modules
├ ○ /school/products
├ ○ /school/rooms
├ ○ /school/schedule
├ ○ /school/schedules
├ ○ /school/students
├ ○ /school/teachers
├ ○ /school/terms
├ ○ /settings
├ ƒ /sign-in/[[...sign-in]]
├ ƒ /sign-up/[[...sign-up]]
├ ○ /staff
├ ○ /staff/checkin
├ ○ /staff/landing-builder
├ ○ /staff/leads
├ ƒ /staff/leads/[id]
├ ○ /staff/marketing
├ ○ /staff/marketing/calendar
├ ○ /staff/marketing/copy-generator
├ ○ /staff/marketing/landing-builder
├ ○ /staff/marketing/utm-builder
├ ○ /staff/minha-fila
├ ○ /staff/payments
├ ○ /staff/payments/settings
├ ○ /staff/pipeline
├ ○ /staff/presales
├ ○ /staff/sales
├ ○ /staff/sales-manager
├ ○ /staff/scrm
├ ƒ /staff/scrm/[id]
├ ○ /staff/scrm/insights
├ ○ /staff/trials
├ ○ /student/capstone
├ ○ /student/challenges
├ ○ /student/constellation
├ ○ /student/graveyard
├ ○ /student/journal
├ ○ /student/problems
├ ○ /student/prompts
├ ○ /student/review
├ ○ /student/techniques
├ ○ /student/todo
├ ○ /student/workshop
├ ○ /talent
├ ○ /teacher
├ ○ /teacher/attendance
├ ƒ /teacher/classes/[classId]
├ ○ /teacher/grades
├ ○ /teacher/schedule
├ ƒ /teacher/student/[id]
├ ○ /teams
├ ƒ /teams/[id]
├ ƒ /teams/[id]/anunciacao
├ ○ /teams/capacity
├ ○ /teams/permissions
├ ○ /teams/reporting
├ ○ /wiki
├ ○ /wiki/articles
├ ƒ /wiki/articles/[slug]
├ ƒ /wiki/articles/[slug]/edit
├ ƒ /wiki/categories/[category]
└ ○ /wiki/new


ƒ Proxy (Middleware)

○  (Static)   prerendered as static content
ƒ  (Dynamic)  server-rendered on demand

