src/app/api/invites/[token]/route.ts(176,38): error TS2551: Property 'personId' does not exist on type '{ persons: { id: string; firstName: string; lastName: string | null; displayName: string | null; primaryEmail: string | null; primaryPhone: string | null; taxId: string | null; taxIdType: "cnpj" | ... 1 more ... | null; ... 9 more ...; archivedAt: number | null; } | null; users: { ...; }; }'. Did you mean 'persons'?
